{
  "exclude": {
    "files": "^.secrets.baseline$",
    "lines": null
  },
  "generated_at": "2023-03-21T16:58:02Z",
  "plugins_used": [
    {
      "name": "AWSKeyDetector"
    },
    {
      "base64_limit": 4.5,
      "name": "Base64HighEntropyString"
    },
    {
      "name": "BasicAuthDetector"
    },
    {
      "hex_limit": 3,
      "name": "HexHighEntropyString"
    },
    {
      "keyword_exclude": null,
      "name": "KeywordDetector"
    },
    {
      "name": "PrivateKeyDetector"
    }
  ],
  "results": {
    "README.md": [
      {
        "hashed_secret": "35675e68f4b5af7b995d9205ad0fc43842f16450",
        "is_secret": false,
        "is_verified": false,
        "line_number": 73,
        "type": "Secret Keyword"
      }
    ],
    "queueclient/queue_factory.py": [
      {
        "hashed_secret": "35675e68f4b5af7b995d9205ad0fc43842f16450",
        "is_secret": false,
        "is_verified": false,
        "line_number": 27,
        "type": "Secret Keyword"
      }
    ],
    "queueclient/rabbitmq.py": [
      {
        "hashed_secret": "35675e68f4b5af7b995d9205ad0fc43842f16450",
        "is_secret": false,
        "is_verified": false,
        "line_number": 18,
        "type": "Secret Keyword"
      }
    ]
  },
  "version": "0.13.0",
  "word_list": {
    "file": null,
    "hash": null
  }
}
